src/types/api.d.ts(1460,37): error TS1005: ';' expected.
src/types/api.d.ts(1462,16): error TS1109: Expression expected.
src/types/api.d.ts(1463,17): error TS1109: Expression expected.
src/types/api.d.ts(1464,15): error TS1109: Expression expected.
src/types/api.d.ts(1465,17): error TS1109: Expression expected.
src/types/api.d.ts(1470,20): error TS1109: Expression expected.
src/types/api.d.ts(1471,21): error TS1109: Expression expected.
src/types/api.d.ts(1475,21): error TS1109: Expression expected.
src/types/api.d.ts(1477,22): error TS1109: Expression expected.
src/types/api.d.ts(1480,16): error TS1005: ';' expected.
src/types/api.d.ts(1482,26): error TS1005: ',' expected.
src/types/api.d.ts(1482,35): error TS1005: ';' expected.
src/types/api.d.ts(1484,26): error TS1109: Expression expected.
src/types/api.d.ts(1488,10): error TS1109: Expression expected.
src/types/api.d.ts(1489,11): error TS1109: Expression expected.
src/types/api.d.ts(1490,11): error TS1109: Expression expected.
src/types/api.d.ts(1490,12): error TS1109: Expression expected.
src/types/api.d.ts(1491,14): error TS1109: Expression expected.
src/types/api.d.ts(1492,11): error TS1109: Expression expected.
src/types/api.d.ts(1493,12): error TS1109: Expression expected.
src/types/api.d.ts(1494,12): error TS1109: Expression expected.
src/types/api.d.ts(1496,46): error TS1005: ';' expected.
src/types/api.d.ts(1498,16): error TS1109: Expression expected.
src/types/api.d.ts(1499,17): error TS1109: Expression expected.
src/types/api.d.ts(1500,15): error TS1109: Expression expected.
src/types/api.d.ts(1501,17): error TS1109: Expression expected.
src/types/api.d.ts(1503,10): error TS1109: Expression expected.
src/types/api.d.ts(1504,10): error TS1109: Expression expected.
src/types/api.d.ts(1508,20): error TS1109: Expression expected.
src/types/api.d.ts(1509,21): error TS1109: Expression expected.
src/types/api.d.ts(1513,21): error TS1109: Expression expected.
src/types/api.d.ts(1517,35): error TS1005: ';' expected.
src/types/api.d.ts(1528,16): error TS1005: ';' expected.
src/types/api.d.ts(1530,26): error TS1005: ',' expected.
src/types/api.d.ts(1530,35): error TS1005: ';' expected.
src/types/api.d.ts(1532,26): error TS1109: Expression expected.
src/types/api.d.ts(1536,11): error TS1109: Expression expected.
src/types/api.d.ts(1536,12): error TS1109: Expression expected.
src/types/api.d.ts(1537,14): error TS1109: Expression expected.
src/types/api.d.ts(1538,11): error TS1109: Expression expected.
src/types/api.d.ts(1539,12): error TS1109: Expression expected.
src/types/api.d.ts(1540,12): error TS1109: Expression expected.
src/types/api.d.ts(1542,26): error TS1005: ';' expected.
src/types/api.d.ts(1544,16): error TS1109: Expression expected.
src/types/api.d.ts(1545,17): error TS1109: Expression expected.
src/types/api.d.ts(1546,15): error TS1109: Expression expected.
src/types/api.d.ts(1547,17): error TS1109: Expression expected.
src/types/api.d.ts(1552,20): error TS1109: Expression expected.
src/types/api.d.ts(1553,21): error TS1109: Expression expected.
src/types/api.d.ts(1554,19): error TS1109: Expression expected.
src/types/api.d.ts(1555,21): error TS1109: Expression expected.
src/types/api.d.ts(1557,22): error TS1109: Expression expected.
src/types/api.d.ts(1560,16): error TS1005: ';' expected.
src/types/api.d.ts(1562,26): error TS1005: ',' expected.
src/types/api.d.ts(1562,35): error TS1005: ';' expected.
src/types/api.d.ts(1564,26): error TS1109: Expression expected.
src/types/api.d.ts(1568,10): error TS1109: Expression expected.
src/types/api.d.ts(1572,20): error TS1109: Expression expected.
src/types/api.d.ts(1573,21): error TS1109: Expression expected.
src/types/api.d.ts(1574,19): error TS1109: Expression expected.
src/types/api.d.ts(1575,21): error TS1109: Expression expected.
src/types/api.d.ts(1579,35): error TS1005: ';' expected.
src/types/api.d.ts(1583,30): error TS1109: Expression expected.
src/types/api.d.ts(1585,27): error TS1109: Expression expected.
src/types/api.d.ts(1587,28): error TS1109: Expression expected.
src/types/api.d.ts(1589,26): error TS1109: Expression expected.
src/types/api.d.ts(1591,35): error TS1109: Expression expected.
src/types/api.d.ts(1593,26): error TS1109: Expression expected.
src/types/api.d.ts(1594,37): error TS1005: ',' expected.
src/types/api.d.ts(1595,37): error TS1005: ',' expected.
src/types/api.d.ts(1602,16): error TS1005: ';' expected.
src/types/api.d.ts(1604,26): error TS1005: ',' expected.
src/types/api.d.ts(1604,35): error TS1005: ';' expected.
src/types/api.d.ts(1606,26): error TS1109: Expression expected.
src/types/api.d.ts(1610,11): error TS1109: Expression expected.
src/types/api.d.ts(1610,12): error TS1109: Expression expected.
src/types/api.d.ts(1611,14): error TS1109: Expression expected.
src/types/api.d.ts(1612,11): error TS1109: Expression expected.
src/types/api.d.ts(1613,12): error TS1109: Expression expected.
src/types/api.d.ts(1614,12): error TS1109: Expression expected.
src/types/api.d.ts(1616,31): error TS1005: ';' expected.
src/types/api.d.ts(1618,16): error TS1109: Expression expected.
src/types/api.d.ts(1619,17): error TS1109: Expression expected.
src/types/api.d.ts(1620,15): error TS1109: Expression expected.
src/types/api.d.ts(1621,17): error TS1109: Expression expected.
src/types/api.d.ts(1626,20): error TS1109: Expression expected.
src/types/api.d.ts(1627,21): error TS1109: Expression expected.
src/types/api.d.ts(1631,21): error TS1109: Expression expected.
src/types/api.d.ts(1633,22): error TS1109: Expression expected.
src/types/api.d.ts(1636,16): error TS1005: ';' expected.
src/types/api.d.ts(1638,26): error TS1005: ',' expected.
src/types/api.d.ts(1638,35): error TS1005: ';' expected.
src/types/api.d.ts(1640,26): error TS1109: Expression expected.
src/types/api.d.ts(1647,20): error TS1109: Expression expected.
src/types/api.d.ts(1648,21): error TS1109: Expression expected.
src/types/api.d.ts(1652,21): error TS1109: Expression expected.
src/types/api.d.ts(1654,22): error TS1109: Expression expected.
src/types/api.d.ts(1657,16): error TS1005: ';' expected.
src/types/api.d.ts(1659,26): error TS1005: ',' expected.
src/types/api.d.ts(1659,35): error TS1005: ';' expected.
src/types/api.d.ts(1661,26): error TS1109: Expression expected.
src/types/api.d.ts(1665,11): error TS1109: Expression expected.
src/types/api.d.ts(1667,11): error TS1109: Expression expected.
src/types/api.d.ts(1669,20): error TS1109: Expression expected.
src/types/api.d.ts(1670,21): error TS1109: Expression expected.
src/types/api.d.ts(1674,21): error TS1109: Expression expected.
src/types/api.d.ts(1676,22): error TS1109: Expression expected.
src/types/api.d.ts(1679,16): error TS1005: ';' expected.
src/types/api.d.ts(1681,26): error TS1005: ',' expected.
src/types/api.d.ts(1681,35): error TS1005: ';' expected.
src/types/api.d.ts(1683,26): error TS1109: Expression expected.
src/types/api.d.ts(1687,14): error TS1109: Expression expected.
src/types/api.d.ts(1688,11): error TS1109: Expression expected.
src/types/api.d.ts(1689,12): error TS1109: Expression expected.
src/types/api.d.ts(1690,12): error TS1109: Expression expected.
src/types/api.d.ts(1692,25): error TS1005: ';' expected.
src/types/api.d.ts(1694,16): error TS1109: Expression expected.
src/types/api.d.ts(1695,17): error TS1109: Expression expected.
src/types/api.d.ts(1696,15): error TS1109: Expression expected.
src/types/api.d.ts(1697,17): error TS1109: Expression expected.
src/types/api.d.ts(1702,20): error TS1109: Expression expected.
src/types/api.d.ts(1703,21): error TS1109: Expression expected.
src/types/api.d.ts(1704,19): error TS1109: Expression expected.
src/types/api.d.ts(1705,21): error TS1109: Expression expected.
src/types/api.d.ts(1707,22): error TS1109: Expression expected.
src/types/api.d.ts(1710,16): error TS1005: ';' expected.
src/types/api.d.ts(1712,26): error TS1005: ',' expected.
src/types/api.d.ts(1712,35): error TS1005: ';' expected.
src/types/api.d.ts(1714,26): error TS1109: Expression expected.
src/types/api.d.ts(1718,10): error TS1109: Expression expected.
src/types/api.d.ts(1722,20): error TS1109: Expression expected.
src/types/api.d.ts(1723,21): error TS1109: Expression expected.
src/types/api.d.ts(1724,19): error TS1109: Expression expected.
src/types/api.d.ts(1725,21): error TS1109: Expression expected.
src/types/api.d.ts(1729,35): error TS1005: ';' expected.
src/types/api.d.ts(1736,28): error TS1109: Expression expected.
src/types/api.d.ts(1738,28): error TS1109: Expression expected.
src/types/api.d.ts(1740,35): error TS1109: Expression expected.
src/types/api.d.ts(1745,34): error TS1109: Expression expected.
src/types/api.d.ts(1747,27): error TS1109: Expression expected.
src/types/api.d.ts(1747,36): error TS1011: An element access expression should take an argument.
src/types/api.d.ts(1749,31): error TS1109: Expression expected.
src/types/api.d.ts(1755,16): error TS1005: ';' expected.
src/types/api.d.ts(1757,26): error TS1005: ',' expected.
src/types/api.d.ts(1757,35): error TS1005: ';' expected.
src/types/api.d.ts(1759,26): error TS1109: Expression expected.
src/types/api.d.ts(1763,11): error TS1109: Expression expected.
src/types/api.d.ts(1763,12): error TS1109: Expression expected.
src/types/api.d.ts(1764,14): error TS1109: Expression expected.
src/types/api.d.ts(1765,11): error TS1109: Expression expected.
src/types/api.d.ts(1766,12): error TS1109: Expression expected.
src/types/api.d.ts(1767,12): error TS1109: Expression expected.
src/types/api.d.ts(1769,30): error TS1005: ';' expected.
src/types/api.d.ts(1771,16): error TS1109: Expression expected.
src/types/api.d.ts(1772,17): error TS1109: Expression expected.
src/types/api.d.ts(1773,15): error TS1109: Expression expected.
src/types/api.d.ts(1774,17): error TS1109: Expression expected.
src/types/api.d.ts(1779,20): error TS1109: Expression expected.
src/types/api.d.ts(1780,21): error TS1109: Expression expected.
src/types/api.d.ts(1784,21): error TS1109: Expression expected.
src/types/api.d.ts(1786,22): error TS1109: Expression expected.
src/types/api.d.ts(1789,16): error TS1005: ';' expected.
src/types/api.d.ts(1791,26): error TS1005: ',' expected.
src/types/api.d.ts(1791,35): error TS1005: ';' expected.
src/types/api.d.ts(1793,26): error TS1109: Expression expected.
src/types/api.d.ts(1800,20): error TS1109: Expression expected.
src/types/api.d.ts(1801,21): error TS1109: Expression expected.
src/types/api.d.ts(1805,21): error TS1109: Expression expected.
src/types/api.d.ts(1807,22): error TS1109: Expression expected.
src/types/api.d.ts(1810,16): error TS1005: ';' expected.
src/types/api.d.ts(1812,26): error TS1005: ',' expected.
src/types/api.d.ts(1812,35): error TS1005: ';' expected.
src/types/api.d.ts(1814,26): error TS1109: Expression expected.
src/types/api.d.ts(1818,11): error TS1109: Expression expected.
src/types/api.d.ts(1820,11): error TS1109: Expression expected.
src/types/api.d.ts(1822,20): error TS1109: Expression expected.
src/types/api.d.ts(1823,21): error TS1109: Expression expected.
src/types/api.d.ts(1827,21): error TS1109: Expression expected.
src/types/api.d.ts(1829,22): error TS1109: Expression expected.
src/types/api.d.ts(1832,16): error TS1005: ';' expected.
src/types/api.d.ts(1834,26): error TS1005: ',' expected.
src/types/api.d.ts(1834,35): error TS1005: ';' expected.
src/types/api.d.ts(1836,26): error TS1109: Expression expected.
src/types/api.d.ts(1840,14): error TS1109: Expression expected.
src/types/api.d.ts(1841,11): error TS1109: Expression expected.
src/types/api.d.ts(1842,12): error TS1109: Expression expected.
src/types/api.d.ts(1843,12): error TS1109: Expression expected.
src/types/api.d.ts(1845,37): error TS1005: ';' expected.
src/types/api.d.ts(1847,16): error TS1109: Expression expected.
src/types/api.d.ts(1848,17): error TS1109: Expression expected.
src/types/api.d.ts(1849,15): error TS1109: Expression expected.
src/types/api.d.ts(1850,17): error TS1109: Expression expected.
src/types/api.d.ts(1852,10): error TS1109: Expression expected.
src/types/api.d.ts(1853,10): error TS1109: Expression expected.
src/types/api.d.ts(1857,20): error TS1109: Expression expected.
src/types/api.d.ts(1858,21): error TS1109: Expression expected.
src/types/api.d.ts(1859,19): error TS1109: Expression expected.
src/types/api.d.ts(1860,21): error TS1109: Expression expected.
src/types/api.d.ts(1864,35): error TS1005: ';' expected.
src/types/api.d.ts(1869,32): error TS1109: Expression expected.
src/types/api.d.ts(1870,32): error TS1109: Expression expected.
src/types/api.d.ts(1871,39): error TS1109: Expression expected.
src/types/api.d.ts(1873,38): error TS1109: Expression expected.
src/types/api.d.ts(1880,16): error TS1005: ';' expected.
src/types/api.d.ts(1882,26): error TS1005: ',' expected.
src/types/api.d.ts(1882,35): error TS1005: ';' expected.
src/types/api.d.ts(1884,26): error TS1109: Expression expected.
src/types/api.d.ts(1888,11): error TS1109: Expression expected.
src/types/api.d.ts(1888,12): error TS1109: Expression expected.
src/types/api.d.ts(1889,14): error TS1109: Expression expected.
src/types/api.d.ts(1890,11): error TS1109: Expression expected.
src/types/api.d.ts(1891,12): error TS1109: Expression expected.
src/types/api.d.ts(1892,12): error TS1109: Expression expected.
src/types/api.d.ts(1894,29): error TS1005: ';' expected.
src/types/api.d.ts(1896,16): error TS1109: Expression expected.
src/types/api.d.ts(1897,17): error TS1109: Expression expected.
src/types/api.d.ts(1898,15): error TS1109: Expression expected.
src/types/api.d.ts(1899,17): error TS1109: Expression expected.
src/types/api.d.ts(1904,20): error TS1109: Expression expected.
src/types/api.d.ts(1905,21): error TS1109: Expression expected.
src/types/api.d.ts(1906,19): error TS1109: Expression expected.
src/types/api.d.ts(1907,21): error TS1109: Expression expected.
src/types/api.d.ts(1909,22): error TS1109: Expression expected.
src/types/api.d.ts(1912,16): error TS1005: ';' expected.
src/types/api.d.ts(1914,26): error TS1005: ',' expected.
src/types/api.d.ts(1914,35): error TS1005: ';' expected.
src/types/api.d.ts(1916,26): error TS1109: Expression expected.
src/types/api.d.ts(1920,10): error TS1109: Expression expected.
src/types/api.d.ts(1924,20): error TS1109: Expression expected.
src/types/api.d.ts(1925,21): error TS1109: Expression expected.
src/types/api.d.ts(1926,19): error TS1109: Expression expected.
src/types/api.d.ts(1927,21): error TS1109: Expression expected.
src/types/api.d.ts(1931,35): error TS1005: ';' expected.
src/types/api.d.ts(1941,34): error TS1109: Expression expected.
src/types/api.d.ts(1950,28): error TS1109: Expression expected.
src/types/api.d.ts(1955,36): error TS1109: Expression expected.
src/types/api.d.ts(1960,37): error TS1109: Expression expected.
src/types/api.d.ts(1962,31): error TS1109: Expression expected.
src/types/api.d.ts(1968,16): error TS1005: ';' expected.
src/types/api.d.ts(1970,26): error TS1005: ',' expected.
src/types/api.d.ts(1970,35): error TS1005: ';' expected.
src/types/api.d.ts(1972,26): error TS1109: Expression expected.
src/types/api.d.ts(1976,11): error TS1109: Expression expected.
src/types/api.d.ts(1976,12): error TS1109: Expression expected.
src/types/api.d.ts(1977,14): error TS1109: Expression expected.
src/types/api.d.ts(1978,11): error TS1109: Expression expected.
src/types/api.d.ts(1979,12): error TS1109: Expression expected.
src/types/api.d.ts(1980,12): error TS1109: Expression expected.
src/types/api.d.ts(1982,34): error TS1005: ';' expected.
src/types/api.d.ts(1984,16): error TS1109: Expression expected.
src/types/api.d.ts(1985,17): error TS1109: Expression expected.
src/types/api.d.ts(1986,15): error TS1109: Expression expected.
src/types/api.d.ts(1987,17): error TS1109: Expression expected.
src/types/api.d.ts(1992,20): error TS1109: Expression expected.
src/types/api.d.ts(1993,21): error TS1109: Expression expected.
src/types/api.d.ts(1997,21): error TS1109: Expression expected.
src/types/api.d.ts(1999,22): error TS1109: Expression expected.
src/types/api.d.ts(2002,16): error TS1005: ';' expected.
src/types/api.d.ts(2004,26): error TS1005: ',' expected.
src/types/api.d.ts(2004,35): error TS1005: ';' expected.
src/types/api.d.ts(2006,26): error TS1109: Expression expected.
src/types/api.d.ts(2013,20): error TS1109: Expression expected.
src/types/api.d.ts(2014,21): error TS1109: Expression expected.
src/types/api.d.ts(2018,21): error TS1109: Expression expected.
src/types/api.d.ts(2020,22): error TS1109: Expression expected.
src/types/api.d.ts(2027,40): error TS1005: ',' expected.
src/types/api.d.ts(2032,41): error TS1005: ',' expected.
src/types/api.d.ts(2034,46): error TS1005: ',' expected.
src/types/api.d.ts(2039,46): error TS1005: ',' expected.
src/types/api.d.ts(2041,35): error TS1005: ',' expected.
src/types/api.d.ts(2043,44): error TS1005: ',' expected.
src/types/api.d.ts(2048,44): error TS1005: ',' expected.
src/types/api.d.ts(2050,53): error TS1005: ',' expected.
src/types/api.d.ts(2051,18): error TS1005: ',' expected.
src/types/api.d.ts(2052,14): error TS1005: ',' expected.
src/types/api.d.ts(2056,16): error TS1005: ';' expected.
src/types/api.d.ts(2058,26): error TS1005: ',' expected.
src/types/api.d.ts(2058,35): error TS1005: ';' expected.
src/types/api.d.ts(2060,26): error TS1109: Expression expected.
src/types/api.d.ts(2064,11): error TS1109: Expression expected.
src/types/api.d.ts(2066,11): error TS1109: Expression expected.
src/types/api.d.ts(2068,20): error TS1109: Expression expected.
src/types/api.d.ts(2069,21): error TS1109: Expression expected.
src/types/api.d.ts(2073,21): error TS1109: Expression expected.
src/types/api.d.ts(2075,22): error TS1109: Expression expected.
src/types/api.d.ts(2078,16): error TS1005: ';' expected.
src/types/api.d.ts(2080,26): error TS1005: ',' expected.
src/types/api.d.ts(2080,35): error TS1005: ';' expected.
src/types/api.d.ts(2082,26): error TS1109: Expression expected.
src/types/api.d.ts(2086,14): error TS1109: Expression expected.
src/types/api.d.ts(2087,11): error TS1109: Expression expected.
src/types/api.d.ts(2088,12): error TS1109: Expression expected.
src/types/api.d.ts(2089,12): error TS1109: Expression expected.
src/types/api.d.ts(2091,49): error TS1005: ';' expected.
src/types/api.d.ts(2093,16): error TS1109: Expression expected.
src/types/api.d.ts(2094,17): error TS1109: Expression expected.
src/types/api.d.ts(2095,15): error TS1109: Expression expected.
src/types/api.d.ts(2096,17): error TS1109: Expression expected.
src/types/api.d.ts(2101,20): error TS1109: Expression expected.
src/types/api.d.ts(2102,21): error TS1109: Expression expected.
src/types/api.d.ts(2103,19): error TS1109: Expression expected.
src/types/api.d.ts(2104,21): error TS1109: Expression expected.
src/types/api.d.ts(2106,22): error TS1109: Expression expected.
src/types/api.d.ts(2109,16): error TS1005: ';' expected.
src/types/api.d.ts(2111,26): error TS1005: ',' expected.
src/types/api.d.ts(2111,35): error TS1005: ';' expected.
src/types/api.d.ts(2113,26): error TS1109: Expression expected.
src/types/api.d.ts(2117,10): error TS1109: Expression expected.
src/types/api.d.ts(2118,11): error TS1109: Expression expected.
src/types/api.d.ts(2119,11): error TS1109: Expression expected.
src/types/api.d.ts(2119,12): error TS1109: Expression expected.
src/types/api.d.ts(2120,14): error TS1109: Expression expected.
src/types/api.d.ts(2121,11): error TS1109: Expression expected.
src/types/api.d.ts(2122,12): error TS1109: Expression expected.
src/types/api.d.ts(2123,12): error TS1109: Expression expected.
src/types/api.d.ts(2125,23): error TS1005: ';' expected.
src/types/api.d.ts(2127,16): error TS1109: Expression expected.
src/types/api.d.ts(2128,17): error TS1109: Expression expected.
src/types/api.d.ts(2129,15): error TS1109: Expression expected.
src/types/api.d.ts(2130,17): error TS1109: Expression expected.
src/types/api.d.ts(2135,20): error TS1109: Expression expected.
src/types/api.d.ts(2136,21): error TS1109: Expression expected.
src/types/api.d.ts(2137,19): error TS1109: Expression expected.
src/types/api.d.ts(2138,21): error TS1109: Expression expected.
src/types/api.d.ts(2140,22): error TS1109: Expression expected.
src/types/api.d.ts(2143,16): error TS1005: ';' expected.
src/types/api.d.ts(2145,26): error TS1005: ',' expected.
src/types/api.d.ts(2145,35): error TS1005: ';' expected.
src/types/api.d.ts(2147,26): error TS1109: Expression expected.
src/types/api.d.ts(2151,10): error TS1109: Expression expected.
src/types/api.d.ts(2155,20): error TS1109: Expression expected.
src/types/api.d.ts(2156,21): error TS1109: Expression expected.
src/types/api.d.ts(2157,19): error TS1109: Expression expected.
src/types/api.d.ts(2158,21): error TS1109: Expression expected.
src/types/api.d.ts(2162,35): error TS1005: ';' expected.
src/types/api.d.ts(2171,34): error TS1109: Expression expected.
src/types/api.d.ts(2176,31): error TS1109: Expression expected.
src/types/api.d.ts(2178,32): error TS1109: Expression expected.
src/types/api.d.ts(2180,32): error TS1109: Expression expected.
src/types/api.d.ts(2182,31): error TS1109: Expression expected.
src/types/api.d.ts(2188,16): error TS1005: ';' expected.
src/types/api.d.ts(2190,26): error TS1005: ',' expected.
src/types/api.d.ts(2190,35): error TS1005: ';' expected.
src/types/api.d.ts(2192,26): error TS1109: Expression expected.
src/types/api.d.ts(2196,11): error TS1109: Expression expected.
src/types/api.d.ts(2196,12): error TS1109: Expression expected.
src/types/api.d.ts(2197,14): error TS1109: Expression expected.
src/types/api.d.ts(2198,11): error TS1109: Expression expected.
src/types/api.d.ts(2199,12): error TS1109: Expression expected.
src/types/api.d.ts(2200,12): error TS1109: Expression expected.
src/types/api.d.ts(2202,28): error TS1005: ';' expected.
src/types/api.d.ts(2204,16): error TS1109: Expression expected.
src/types/api.d.ts(2205,17): error TS1109: Expression expected.
src/types/api.d.ts(2206,15): error TS1109: Expression expected.
src/types/api.d.ts(2207,17): error TS1109: Expression expected.
src/types/api.d.ts(2212,20): error TS1109: Expression expected.
src/types/api.d.ts(2213,21): error TS1109: Expression expected.
src/types/api.d.ts(2217,21): error TS1109: Expression expected.
src/types/api.d.ts(2219,22): error TS1109: Expression expected.
src/types/api.d.ts(2222,16): error TS1005: ';' expected.
src/types/api.d.ts(2224,26): error TS1005: ',' expected.
src/types/api.d.ts(2224,35): error TS1005: ';' expected.
src/types/api.d.ts(2226,26): error TS1109: Expression expected.
src/types/api.d.ts(2233,20): error TS1109: Expression expected.
src/types/api.d.ts(2234,21): error TS1109: Expression expected.
src/types/api.d.ts(2238,21): error TS1109: Expression expected.
src/types/api.d.ts(2240,22): error TS1109: Expression expected.
src/types/api.d.ts(2244,34): error TS1005: ',' expected.
src/types/api.d.ts(2246,40): error TS1005: ',' expected.
src/types/api.d.ts(2251,41): error TS1005: ',' expected.
src/types/api.d.ts(2256,38): error TS1005: ',' expected.
src/types/api.d.ts(2258,39): error TS1005: ',' expected.
src/types/api.d.ts(2260,39): error TS1005: ',' expected.
src/types/api.d.ts(2262,53): error TS1005: ',' expected.
src/types/api.d.ts(2263,18): error TS1005: ',' expected.
src/types/api.d.ts(2264,14): error TS1005: ',' expected.
src/types/api.d.ts(2268,16): error TS1005: ';' expected.
src/types/api.d.ts(2270,26): error TS1005: ',' expected.
src/types/api.d.ts(2270,35): error TS1005: ';' expected.
src/types/api.d.ts(2272,26): error TS1109: Expression expected.
src/types/api.d.ts(2276,11): error TS1109: Expression expected.
src/types/api.d.ts(2278,11): error TS1109: Expression expected.
src/types/api.d.ts(2280,20): error TS1109: Expression expected.
src/types/api.d.ts(2281,21): error TS1109: Expression expected.
src/types/api.d.ts(2285,21): error TS1109: Expression expected.
src/types/api.d.ts(2287,22): error TS1109: Expression expected.
src/types/api.d.ts(2290,16): error TS1005: ';' expected.
src/types/api.d.ts(2292,26): error TS1005: ',' expected.
src/types/api.d.ts(2292,35): error TS1005: ';' expected.
src/types/api.d.ts(2294,26): error TS1109: Expression expected.
src/types/api.d.ts(2298,14): error TS1109: Expression expected.
src/types/api.d.ts(2299,11): error TS1109: Expression expected.
src/types/api.d.ts(2300,12): error TS1109: Expression expected.
src/types/api.d.ts(2301,12): error TS1109: Expression expected.
src/types/api.d.ts(2303,31): error TS1005: ';' expected.
src/types/api.d.ts(2305,16): error TS1109: Expression expected.
src/types/api.d.ts(2306,17): error TS1109: Expression expected.
src/types/api.d.ts(2307,15): error TS1109: Expression expected.
src/types/api.d.ts(2308,17): error TS1109: Expression expected.
src/types/api.d.ts(2313,20): error TS1109: Expression expected.
src/types/api.d.ts(2314,21): error TS1109: Expression expected.
src/types/api.d.ts(2315,19): error TS1109: Expression expected.
src/types/api.d.ts(2316,21): error TS1109: Expression expected.
src/types/api.d.ts(2318,22): error TS1109: Expression expected.
src/types/api.d.ts(2321,16): error TS1005: ';' expected.
src/types/api.d.ts(2323,26): error TS1005: ',' expected.
src/types/api.d.ts(2323,35): error TS1005: ';' expected.
src/types/api.d.ts(2325,26): error TS1109: Expression expected.
src/types/api.d.ts(2329,10): error TS1109: Expression expected.
src/types/api.d.ts(2330,11): error TS1109: Expression expected.
src/types/api.d.ts(2331,11): error TS1109: Expression expected.
src/types/api.d.ts(2331,12): error TS1109: Expression expected.
src/types/api.d.ts(2332,14): error TS1109: Expression expected.
src/types/api.d.ts(2333,11): error TS1109: Expression expected.
src/types/api.d.ts(2334,12): error TS1109: Expression expected.
src/types/api.d.ts(2335,12): error TS1109: Expression expected.
src/types/api.d.ts(2337,31): error TS1005: ';' expected.
src/types/api.d.ts(2339,16): error TS1109: Expression expected.
src/types/api.d.ts(2340,17): error TS1109: Expression expected.
src/types/api.d.ts(2341,15): error TS1109: Expression expected.
src/types/api.d.ts(2342,17): error TS1109: Expression expected.
src/types/api.d.ts(2347,20): error TS1109: Expression expected.
src/types/api.d.ts(2348,21): error TS1109: Expression expected.
src/types/api.d.ts(2349,19): error TS1109: Expression expected.
src/types/api.d.ts(2350,21): error TS1109: Expression expected.
src/types/api.d.ts(2352,22): error TS1109: Expression expected.
src/types/api.d.ts(2355,16): error TS1005: ';' expected.
src/types/api.d.ts(2357,26): error TS1005: ',' expected.
src/types/api.d.ts(2357,35): error TS1005: ';' expected.
src/types/api.d.ts(2359,26): error TS1109: Expression expected.
src/types/api.d.ts(2363,10): error TS1109: Expression expected.
src/types/api.d.ts(2364,11): error TS1109: Expression expected.
src/types/api.d.ts(2365,11): error TS1109: Expression expected.
src/types/api.d.ts(2365,12): error TS1109: Expression expected.
src/types/api.d.ts(2366,14): error TS1109: Expression expected.
src/types/api.d.ts(2367,11): error TS1109: Expression expected.
src/types/api.d.ts(2368,12): error TS1109: Expression expected.
src/types/api.d.ts(2369,12): error TS1109: Expression expected.
src/types/api.d.ts(2371,29): error TS1005: ';' expected.
src/types/api.d.ts(2373,16): error TS1109: Expression expected.
src/types/api.d.ts(2374,17): error TS1109: Expression expected.
src/types/api.d.ts(2375,15): error TS1109: Expression expected.
src/types/api.d.ts(2376,17): error TS1109: Expression expected.
src/types/api.d.ts(2381,20): error TS1109: Expression expected.
src/types/api.d.ts(2382,21): error TS1109: Expression expected.
src/types/api.d.ts(2383,19): error TS1109: Expression expected.
src/types/api.d.ts(2384,21): error TS1109: Expression expected.
src/types/api.d.ts(2386,22): error TS1109: Expression expected.
src/types/api.d.ts(2389,16): error TS1005: ';' expected.
src/types/api.d.ts(2391,26): error TS1005: ',' expected.
src/types/api.d.ts(2391,35): error TS1005: ';' expected.
src/types/api.d.ts(2393,26): error TS1109: Expression expected.
src/types/api.d.ts(2397,10): error TS1109: Expression expected.
src/types/api.d.ts(2398,11): error TS1109: Expression expected.
src/types/api.d.ts(2399,11): error TS1109: Expression expected.
src/types/api.d.ts(2399,12): error TS1109: Expression expected.
src/types/api.d.ts(2400,14): error TS1109: Expression expected.
src/types/api.d.ts(2401,11): error TS1109: Expression expected.
src/types/api.d.ts(2402,12): error TS1109: Expression expected.
src/types/api.d.ts(2403,12): error TS1109: Expression expected.
src/types/api.d.ts(2405,33): error TS1005: ';' expected.
src/types/api.d.ts(2407,16): error TS1109: Expression expected.
src/types/api.d.ts(2408,17): error TS1109: Expression expected.
src/types/api.d.ts(2409,15): error TS1109: Expression expected.
src/types/api.d.ts(2410,17): error TS1109: Expression expected.
src/types/api.d.ts(2412,10): error TS1109: Expression expected.
src/types/api.d.ts(2413,10): error TS1109: Expression expected.
src/types/api.d.ts(2417,20): error TS1109: Expression expected.
src/types/api.d.ts(2418,21): error TS1109: Expression expected.
src/types/api.d.ts(2419,19): error TS1109: Expression expected.
src/types/api.d.ts(2420,21): error TS1109: Expression expected.
src/types/api.d.ts(2422,22): error TS1109: Expression expected.
src/types/api.d.ts(2425,16): error TS1005: ';' expected.
src/types/api.d.ts(2427,26): error TS1005: ',' expected.
src/types/api.d.ts(2427,35): error TS1005: ';' expected.
src/types/api.d.ts(2429,26): error TS1109: Expression expected.
src/types/api.d.ts(2433,11): error TS1109: Expression expected.
src/types/api.d.ts(2433,12): error TS1109: Expression expected.
src/types/api.d.ts(2434,14): error TS1109: Expression expected.
src/types/api.d.ts(2435,11): error TS1109: Expression expected.
src/types/api.d.ts(2436,12): error TS1109: Expression expected.
src/types/api.d.ts(2437,12): error TS1109: Expression expected.
src/types/api.d.ts(2439,27): error TS1005: ';' expected.
src/types/api.d.ts(2441,16): error TS1109: Expression expected.
src/types/api.d.ts(2442,17): error TS1109: Expression expected.
src/types/api.d.ts(2443,15): error TS1109: Expression expected.
src/types/api.d.ts(2444,17): error TS1109: Expression expected.
src/types/api.d.ts(2446,10): error TS1109: Expression expected.
src/types/api.d.ts(2447,10): error TS1109: Expression expected.
src/types/api.d.ts(2451,20): error TS1109: Expression expected.
src/types/api.d.ts(2452,21): error TS1109: Expression expected.
src/types/api.d.ts(2453,19): error TS1109: Expression expected.
src/types/api.d.ts(2454,21): error TS1109: Expression expected.
src/types/api.d.ts(2458,35): error TS1005: ';' expected.
src/types/api.d.ts(2465,25): error TS1109: Expression expected.
src/types/api.d.ts(2467,26): error TS1109: Expression expected.
src/types/api.d.ts(2476,32): error TS1109: Expression expected.
src/types/api.d.ts(2482,16): error TS1005: ';' expected.
src/types/api.d.ts(2484,26): error TS1005: ',' expected.
src/types/api.d.ts(2484,35): error TS1005: ';' expected.
src/types/api.d.ts(2486,26): error TS1109: Expression expected.
src/types/api.d.ts(2490,11): error TS1109: Expression expected.
src/types/api.d.ts(2490,12): error TS1109: Expression expected.
src/types/api.d.ts(2491,14): error TS1109: Expression expected.
src/types/api.d.ts(2492,11): error TS1109: Expression expected.
src/types/api.d.ts(2493,12): error TS1109: Expression expected.
src/types/api.d.ts(2494,12): error TS1109: Expression expected.
src/types/api.d.ts(2496,28): error TS1005: ';' expected.
src/types/api.d.ts(2498,16): error TS1109: Expression expected.
src/types/api.d.ts(2499,17): error TS1109: Expression expected.
src/types/api.d.ts(2500,15): error TS1109: Expression expected.
src/types/api.d.ts(2501,17): error TS1109: Expression expected.
src/types/api.d.ts(2503,10): error TS1109: Expression expected.
src/types/api.d.ts(2504,10): error TS1109: Expression expected.
src/types/api.d.ts(2508,20): error TS1109: Expression expected.
src/types/api.d.ts(2509,21): error TS1109: Expression expected.
src/types/api.d.ts(2510,19): error TS1109: Expression expected.
src/types/api.d.ts(2511,21): error TS1109: Expression expected.
src/types/api.d.ts(2515,35): error TS1005: ';' expected.
src/types/api.d.ts(2522,25): error TS1109: Expression expected.
src/types/api.d.ts(2532,16): error TS1005: ';' expected.
src/types/api.d.ts(2534,26): error TS1005: ',' expected.
src/types/api.d.ts(2534,35): error TS1005: ';' expected.
src/types/api.d.ts(2536,26): error TS1109: Expression expected.
src/types/api.d.ts(2540,11): error TS1109: Expression expected.
src/types/api.d.ts(2540,12): error TS1109: Expression expected.
src/types/api.d.ts(2541,14): error TS1109: Expression expected.
src/types/api.d.ts(2542,11): error TS1109: Expression expected.
src/types/api.d.ts(2543,12): error TS1109: Expression expected.
src/types/api.d.ts(2544,12): error TS1109: Expression expected.
src/types/api.d.ts(2546,27): error TS1005: ';' expected.
src/types/api.d.ts(2548,16): error TS1109: Expression expected.
src/types/api.d.ts(2549,17): error TS1109: Expression expected.
src/types/api.d.ts(2550,15): error TS1109: Expression expected.
src/types/api.d.ts(2551,17): error TS1109: Expression expected.
src/types/api.d.ts(2556,20): error TS1109: Expression expected.
src/types/api.d.ts(2557,21): error TS1109: Expression expected.
src/types/api.d.ts(2558,19): error TS1109: Expression expected.
src/types/api.d.ts(2559,21): error TS1109: Expression expected.
src/types/api.d.ts(2561,22): error TS1109: Expression expected.
src/types/api.d.ts(2564,16): error TS1005: ';' expected.
src/types/api.d.ts(2566,26): error TS1005: ',' expected.
src/types/api.d.ts(2566,35): error TS1005: ';' expected.
src/types/api.d.ts(2568,26): error TS1109: Expression expected.
src/types/api.d.ts(2572,10): error TS1109: Expression expected.
src/types/api.d.ts(2573,11): error TS1109: Expression expected.
src/types/api.d.ts(2574,11): error TS1109: Expression expected.
src/types/api.d.ts(2574,12): error TS1109: Expression expected.
src/types/api.d.ts(2575,14): error TS1109: Expression expected.
src/types/api.d.ts(2576,11): error TS1109: Expression expected.
src/types/api.d.ts(2577,12): error TS1109: Expression expected.
src/types/api.d.ts(2578,12): error TS1109: Expression expected.
src/types/api.d.ts(2580,48): error TS1005: ';' expected.
src/types/api.d.ts(2582,16): error TS1109: Expression expected.
src/types/api.d.ts(2583,17): error TS1109: Expression expected.
src/types/api.d.ts(2584,15): error TS1109: Expression expected.
src/types/api.d.ts(2585,17): error TS1109: Expression expected.
src/types/api.d.ts(2587,10): error TS1109: Expression expected.
src/types/api.d.ts(2588,10): error TS1109: Expression expected.
src/types/api.d.ts(2592,20): error TS1109: Expression expected.
src/types/api.d.ts(2593,21): error TS1109: Expression expected.
src/types/api.d.ts(2597,21): error TS1109: Expression expected.
src/types/api.d.ts(2599,22): error TS1109: Expression expected.
src/types/api.d.ts(2602,16): error TS1005: ';' expected.
src/types/api.d.ts(2604,26): error TS1005: ',' expected.
src/types/api.d.ts(2604,35): error TS1005: ';' expected.
src/types/api.d.ts(2606,26): error TS1109: Expression expected.
src/types/api.d.ts(2610,11): error TS1109: Expression expected.
src/types/api.d.ts(2610,12): error TS1109: Expression expected.
src/types/api.d.ts(2611,14): error TS1109: Expression expected.
src/types/api.d.ts(2612,11): error TS1109: Expression expected.
src/types/api.d.ts(2613,12): error TS1109: Expression expected.
src/types/api.d.ts(2614,12): error TS1109: Expression expected.
src/types/api.d.ts(2616,55): error TS1005: ';' expected.
src/types/api.d.ts(2618,16): error TS1109: Expression expected.
src/types/api.d.ts(2619,17): error TS1109: Expression expected.
src/types/api.d.ts(2620,15): error TS1109: Expression expected.
src/types/api.d.ts(2621,17): error TS1109: Expression expected.
src/types/api.d.ts(2626,20): error TS1109: Expression expected.
src/types/api.d.ts(2627,21): error TS1109: Expression expected.
src/types/api.d.ts(2631,21): error TS1109: Expression expected.
src/types/api.d.ts(2633,22): error TS1109: Expression expected.
src/types/api.d.ts(2636,16): error TS1005: ';' expected.
src/types/api.d.ts(2638,26): error TS1005: ',' expected.
src/types/api.d.ts(2638,35): error TS1005: ';' expected.
src/types/api.d.ts(2640,26): error TS1109: Expression expected.
src/types/api.d.ts(2644,10): error TS1109: Expression expected.
src/types/api.d.ts(2645,11): error TS1109: Expression expected.
src/types/api.d.ts(2646,11): error TS1109: Expression expected.
src/types/api.d.ts(2646,12): error TS1109: Expression expected.
src/types/api.d.ts(2647,14): error TS1109: Expression expected.
src/types/api.d.ts(2648,11): error TS1109: Expression expected.
src/types/api.d.ts(2649,12): error TS1109: Expression expected.
src/types/api.d.ts(2650,12): error TS1109: Expression expected.
src/types/api.d.ts(2652,47): error TS1005: ';' expected.
src/types/api.d.ts(2654,16): error TS1109: Expression expected.
src/types/api.d.ts(2655,17): error TS1109: Expression expected.
src/types/api.d.ts(2656,15): error TS1109: Expression expected.
src/types/api.d.ts(2657,17): error TS1109: Expression expected.
src/types/api.d.ts(2662,20): error TS1109: Expression expected.
src/types/api.d.ts(2663,21): error TS1109: Expression expected.
src/types/api.d.ts(2664,19): error TS1109: Expression expected.
src/types/api.d.ts(2665,21): error TS1109: Expression expected.
src/types/api.d.ts(2667,22): error TS1109: Expression expected.
src/types/api.d.ts(2670,16): error TS1005: ';' expected.
src/types/api.d.ts(2672,26): error TS1005: ',' expected.
src/types/api.d.ts(2672,35): error TS1005: ';' expected.
src/types/api.d.ts(2674,26): error TS1109: Expression expected.
src/types/api.d.ts(2678,10): error TS1109: Expression expected.
src/types/api.d.ts(2679,11): error TS1109: Expression expected.
src/types/api.d.ts(2680,11): error TS1109: Expression expected.
src/types/api.d.ts(2680,12): error TS1109: Expression expected.
src/types/api.d.ts(2681,14): error TS1109: Expression expected.
src/types/api.d.ts(2682,11): error TS1109: Expression expected.
src/types/api.d.ts(2683,12): error TS1109: Expression expected.
src/types/api.d.ts(2684,12): error TS1109: Expression expected.
src/types/api.d.ts(2686,45): error TS1005: ';' expected.
src/types/api.d.ts(2688,16): error TS1109: Expression expected.
src/types/api.d.ts(2689,17): error TS1109: Expression expected.
src/types/api.d.ts(2690,15): error TS1109: Expression expected.
src/types/api.d.ts(2691,17): error TS1109: Expression expected.
src/types/api.d.ts(2696,20): error TS1109: Expression expected.
src/types/api.d.ts(2697,21): error TS1109: Expression expected.
src/types/api.d.ts(2698,19): error TS1109: Expression expected.
src/types/api.d.ts(2699,21): error TS1109: Expression expected.
src/types/api.d.ts(2701,22): error TS1109: Expression expected.
src/types/api.d.ts(2704,16): error TS1005: ';' expected.
src/types/api.d.ts(2706,26): error TS1005: ',' expected.
src/types/api.d.ts(2706,35): error TS1005: ';' expected.
src/types/api.d.ts(2708,26): error TS1109: Expression expected.
src/types/api.d.ts(2712,10): error TS1109: Expression expected.
src/types/api.d.ts(2713,11): error TS1109: Expression expected.
src/types/api.d.ts(2714,11): error TS1109: Expression expected.
src/types/api.d.ts(2714,12): error TS1109: Expression expected.
src/types/api.d.ts(2715,14): error TS1109: Expression expected.
src/types/api.d.ts(2716,11): error TS1109: Expression expected.
src/types/api.d.ts(2717,12): error TS1109: Expression expected.
src/types/api.d.ts(2718,12): error TS1109: Expression expected.
src/types/api.d.ts(2720,25): error TS1005: ';' expected.
src/types/api.d.ts(2722,16): error TS1109: Expression expected.
src/types/api.d.ts(2723,17): error TS1109: Expression expected.
src/types/api.d.ts(2724,15): error TS1109: Expression expected.
src/types/api.d.ts(2725,17): error TS1109: Expression expected.
src/types/api.d.ts(2730,20): error TS1109: Expression expected.
src/types/api.d.ts(2731,21): error TS1109: Expression expected.
src/types/api.d.ts(2732,19): error TS1109: Expression expected.
src/types/api.d.ts(2733,21): error TS1109: Expression expected.
src/types/api.d.ts(2735,22): error TS1109: Expression expected.
src/types/api.d.ts(2738,16): error TS1005: ';' expected.
src/types/api.d.ts(2740,26): error TS1005: ',' expected.
src/types/api.d.ts(2740,35): error TS1005: ';' expected.
src/types/api.d.ts(2742,26): error TS1109: Expression expected.
src/types/api.d.ts(2746,10): error TS1109: Expression expected.
src/types/api.d.ts(2750,20): error TS1109: Expression expected.
src/types/api.d.ts(2751,21): error TS1109: Expression expected.
src/types/api.d.ts(2752,19): error TS1109: Expression expected.
src/types/api.d.ts(2753,21): error TS1109: Expression expected.
src/types/api.d.ts(2757,35): error TS1005: ';' expected.
src/types/api.d.ts(2762,34): error TS1109: Expression expected.
src/types/api.d.ts(2767,31): error TS1109: Expression expected.
src/types/api.d.ts(2774,33): error TS1109: Expression expected.
src/types/api.d.ts(2776,31): error TS1109: Expression expected.
src/types/api.d.ts(2782,16): error TS1005: ';' expected.
src/types/api.d.ts(2784,26): error TS1005: ',' expected.
src/types/api.d.ts(2784,35): error TS1005: ';' expected.
src/types/api.d.ts(2786,26): error TS1109: Expression expected.
src/types/api.d.ts(2790,11): error TS1109: Expression expected.
src/types/api.d.ts(2790,12): error TS1109: Expression expected.
src/types/api.d.ts(2791,14): error TS1109: Expression expected.
src/types/api.d.ts(2792,11): error TS1109: Expression expected.
src/types/api.d.ts(2793,12): error TS1109: Expression expected.
src/types/api.d.ts(2794,12): error TS1109: Expression expected.
src/types/api.d.ts(2796,40): error TS1005: ';' expected.
src/types/api.d.ts(2798,16): error TS1109: Expression expected.
src/types/api.d.ts(2799,17): error TS1109: Expression expected.
src/types/api.d.ts(2800,15): error TS1109: Expression expected.
src/types/api.d.ts(2801,17): error TS1109: Expression expected.
src/types/api.d.ts(2806,20): error TS1109: Expression expected.
src/types/api.d.ts(2807,21): error TS1109: Expression expected.
src/types/api.d.ts(2811,21): error TS1109: Expression expected.
src/types/api.d.ts(2813,22): error TS1109: Expression expected.
src/types/api.d.ts(2816,16): error TS1005: ';' expected.
src/types/api.d.ts(2818,26): error TS1005: ',' expected.
src/types/api.d.ts(2818,35): error TS1005: ';' expected.
src/types/api.d.ts(2820,26): error TS1109: Expression expected.
src/types/api.d.ts(2824,10): error TS1109: Expression expected.
src/types/api.d.ts(2825,11): error TS1109: Expression expected.
src/types/api.d.ts(2826,11): error TS1109: Expression expected.
src/types/api.d.ts(2826,12): error TS1109: Expression expected.
src/types/api.d.ts(2827,14): error TS1109: Expression expected.
src/types/api.d.ts(2828,11): error TS1109: Expression expected.
src/types/api.d.ts(2829,12): error TS1109: Expression expected.
src/types/api.d.ts(2830,12): error TS1109: Expression expected.
src/types/api.d.ts(2832,30): error TS1005: ';' expected.
src/types/api.d.ts(2834,16): error TS1109: Expression expected.
src/types/api.d.ts(2835,17): error TS1109: Expression expected.
src/types/api.d.ts(2836,15): error TS1109: Expression expected.
src/types/api.d.ts(2837,17): error TS1109: Expression expected.
src/types/api.d.ts(2842,20): error TS1109: Expression expected.
src/types/api.d.ts(2843,21): error TS1109: Expression expected.
src/types/api.d.ts(2847,21): error TS1109: Expression expected.
src/types/api.d.ts(2849,22): error TS1109: Expression expected.
src/types/api.d.ts(2852,16): error TS1005: ';' expected.
src/types/api.d.ts(2854,26): error TS1005: ',' expected.
src/types/api.d.ts(2854,35): error TS1005: ';' expected.
src/types/api.d.ts(2856,26): error TS1109: Expression expected.
src/types/api.d.ts(2863,20): error TS1109: Expression expected.
src/types/api.d.ts(2864,21): error TS1109: Expression expected.
src/types/api.d.ts(2868,21): error TS1109: Expression expected.
src/types/api.d.ts(2870,22): error TS1109: Expression expected.
src/types/api.d.ts(2877,38): error TS1005: ',' expected.
src/types/api.d.ts(2879,55): error TS1005: ',' expected.
src/types/api.d.ts(2880,18): error TS1005: ',' expected.
src/types/api.d.ts(2881,14): error TS1005: ',' expected.
src/types/api.d.ts(2885,16): error TS1005: ';' expected.
src/types/api.d.ts(2887,26): error TS1005: ',' expected.
src/types/api.d.ts(2887,35): error TS1005: ';' expected.
src/types/api.d.ts(2889,26): error TS1109: Expression expected.
src/types/api.d.ts(2893,11): error TS1109: Expression expected.
src/types/api.d.ts(2895,11): error TS1109: Expression expected.
src/types/api.d.ts(2897,20): error TS1109: Expression expected.
src/types/api.d.ts(2898,21): error TS1109: Expression expected.
src/types/api.d.ts(2902,21): error TS1109: Expression expected.
src/types/api.d.ts(2904,22): error TS1109: Expression expected.
src/types/api.d.ts(2907,16): error TS1005: ';' expected.
src/types/api.d.ts(2909,26): error TS1005: ',' expected.
src/types/api.d.ts(2909,35): error TS1005: ';' expected.
src/types/api.d.ts(2911,26): error TS1109: Expression expected.
src/types/api.d.ts(2915,14): error TS1109: Expression expected.
src/types/api.d.ts(2916,11): error TS1109: Expression expected.
src/types/api.d.ts(2917,12): error TS1109: Expression expected.
src/types/api.d.ts(2918,12): error TS1109: Expression expected.
src/types/api.d.ts(2920,40): error TS1005: ';' expected.
src/types/api.d.ts(2922,16): error TS1109: Expression expected.
src/types/api.d.ts(2923,17): error TS1109: Expression expected.
src/types/api.d.ts(2924,15): error TS1109: Expression expected.
src/types/api.d.ts(2925,17): error TS1109: Expression expected.
src/types/api.d.ts(2930,20): error TS1109: Expression expected.
src/types/api.d.ts(2931,21): error TS1109: Expression expected.
src/types/api.d.ts(2935,21): error TS1109: Expression expected.
src/types/api.d.ts(2937,22): error TS1109: Expression expected.
src/types/api.d.ts(2940,16): error TS1005: ';' expected.
src/types/api.d.ts(2942,26): error TS1005: ',' expected.
src/types/api.d.ts(2942,35): error TS1005: ';' expected.
src/types/api.d.ts(2944,26): error TS1109: Expression expected.
src/types/api.d.ts(2948,10): error TS1109: Expression expected.
src/types/api.d.ts(2949,11): error TS1109: Expression expected.
src/types/api.d.ts(2950,11): error TS1109: Expression expected.
src/types/api.d.ts(2950,12): error TS1109: Expression expected.
src/types/api.d.ts(2951,14): error TS1109: Expression expected.
src/types/api.d.ts(2952,11): error TS1109: Expression expected.
src/types/api.d.ts(2953,12): error TS1109: Expression expected.
src/types/api.d.ts(2954,12): error TS1109: Expression expected.
src/types/api.d.ts(2956,33): error TS1005: ';' expected.
src/types/api.d.ts(2958,16): error TS1109: Expression expected.
src/types/api.d.ts(2959,17): error TS1109: Expression expected.
src/types/api.d.ts(2960,15): error TS1109: Expression expected.
src/types/api.d.ts(2961,17): error TS1109: Expression expected.
src/types/api.d.ts(2963,10): error TS1109: Expression expected.
src/types/api.d.ts(2964,10): error TS1109: Expression expected.
src/types/api.d.ts(2968,20): error TS1109: Expression expected.
src/types/api.d.ts(2969,21): error TS1109: Expression expected.
src/types/api.d.ts(2970,19): error TS1109: Expression expected.
src/types/api.d.ts(2971,21): error TS1109: Expression expected.
src/types/api.d.ts(2975,35): error TS1005: ';' expected.
src/types/api.d.ts(2987,36): error TS1109: Expression expected.
src/types/api.d.ts(2989,41): error TS1109: Expression expected.
src/types/api.d.ts(2995,16): error TS1005: ';' expected.
src/types/api.d.ts(2997,26): error TS1005: ',' expected.
src/types/api.d.ts(2997,35): error TS1005: ';' expected.
src/types/api.d.ts(3000,39): error TS1005: ';' expected.
src/types/api.d.ts(3001,37): error TS1109: Expression expected.
src/types/api.d.ts(3002,46): error TS1005: ',' expected.
src/types/api.d.ts(3003,49): error TS1005: ',' expected.
src/types/api.d.ts(3004,27): error TS1011: An element access expression should take an argument.
src/types/api.d.ts(3005,38): error TS1109: Expression expected.
src/types/api.d.ts(3006,32): error TS1109: Expression expected.
src/types/api.d.ts(3012,11): error TS1109: Expression expected.
src/types/api.d.ts(3012,12): error TS1109: Expression expected.
src/types/api.d.ts(3013,14): error TS1109: Expression expected.
src/types/api.d.ts(3014,11): error TS1109: Expression expected.
src/types/api.d.ts(3015,12): error TS1109: Expression expected.
src/types/api.d.ts(3016,12): error TS1109: Expression expected.
src/types/api.d.ts(3018,30): error TS1005: ';' expected.
src/types/api.d.ts(3020,16): error TS1109: Expression expected.
src/types/api.d.ts(3021,17): error TS1109: Expression expected.
src/types/api.d.ts(3022,15): error TS1109: Expression expected.
src/types/api.d.ts(3023,17): error TS1109: Expression expected.
src/types/api.d.ts(3028,20): error TS1109: Expression expected.
src/types/api.d.ts(3029,21): error TS1109: Expression expected.
src/types/api.d.ts(3030,19): error TS1109: Expression expected.
src/types/api.d.ts(3031,21): error TS1109: Expression expected.
src/types/api.d.ts(3033,22): error TS1109: Expression expected.
src/types/api.d.ts(3036,16): error TS1005: ';' expected.
src/types/api.d.ts(3038,26): error TS1005: ',' expected.
src/types/api.d.ts(3038,35): error TS1005: ';' expected.
src/types/api.d.ts(3041,39): error TS1005: ';' expected.
src/types/api.d.ts(3042,36): error TS1109: Expression expected.
src/types/api.d.ts(3043,32): error TS1109: Expression expected.
src/types/api.d.ts(3044,34): error TS1109: Expression expected.
src/types/api.d.ts(3050,10): error TS1109: Expression expected.
src/types/api.d.ts(3051,11): error TS1109: Expression expected.
src/types/api.d.ts(3052,11): error TS1109: Expression expected.
src/types/api.d.ts(3052,12): error TS1109: Expression expected.
src/types/api.d.ts(3053,14): error TS1109: Expression expected.
src/types/api.d.ts(3054,11): error TS1109: Expression expected.
src/types/api.d.ts(3055,12): error TS1109: Expression expected.
src/types/api.d.ts(3056,12): error TS1109: Expression expected.
src/types/api.d.ts(3058,52): error TS1005: ';' expected.
src/types/api.d.ts(3060,16): error TS1109: Expression expected.
src/types/api.d.ts(3061,17): error TS1109: Expression expected.
src/types/api.d.ts(3062,15): error TS1109: Expression expected.
src/types/api.d.ts(3063,17): error TS1109: Expression expected.
src/types/api.d.ts(3065,10): error TS1109: Expression expected.
src/types/api.d.ts(3066,10): error TS1109: Expression expected.
src/types/api.d.ts(3070,20): error TS1109: Expression expected.
src/types/api.d.ts(3071,21): error TS1109: Expression expected.
src/types/api.d.ts(3075,21): error TS1109: Expression expected.
src/types/api.d.ts(3077,22): error TS1109: Expression expected.
src/types/api.d.ts(3081,43): error TS1011: An element access expression should take an argument.
src/types/api.d.ts(3081,44): error TS1005: ',' expected.
src/types/api.d.ts(3086,62): error TS1005: ',' expected.
src/types/api.d.ts(3087,18): error TS1005: ',' expected.
src/types/api.d.ts(3088,14): error TS1005: ',' expected.
src/types/api.d.ts(3092,16): error TS1005: ';' expected.
src/types/api.d.ts(3094,26): error TS1005: ',' expected.
src/types/api.d.ts(3094,35): error TS1005: ';' expected.
src/types/api.d.ts(3097,39): error TS1005: ';' expected.
src/types/api.d.ts(3098,33): error TS1109: Expression expected.
src/types/api.d.ts(3098,43): error TS1011: An element access expression should take an argument.
src/types/api.d.ts(3099,39): error TS1109: Expression expected.
src/types/api.d.ts(3105,11): error TS1109: Expression expected.
src/types/api.d.ts(3105,12): error TS1109: Expression expected.
src/types/api.d.ts(3106,14): error TS1109: Expression expected.
src/types/api.d.ts(3107,11): error TS1109: Expression expected.
src/types/api.d.ts(3108,12): error TS1109: Expression expected.
src/types/api.d.ts(3109,12): error TS1109: Expression expected.
src/types/api.d.ts(3111,40): error TS1005: ';' expected.
src/types/api.d.ts(3113,16): error TS1109: Expression expected.
src/types/api.d.ts(3114,17): error TS1109: Expression expected.
src/types/api.d.ts(3115,15): error TS1109: Expression expected.
src/types/api.d.ts(3116,17): error TS1109: Expression expected.
src/types/api.d.ts(3121,20): error TS1109: Expression expected.
src/types/api.d.ts(3122,21): error TS1109: Expression expected.
src/types/api.d.ts(3126,21): error TS1109: Expression expected.
src/types/api.d.ts(3128,22): error TS1109: Expression expected.
src/types/api.d.ts(3131,16): error TS1005: ';' expected.
src/types/api.d.ts(3133,26): error TS1005: ',' expected.
src/types/api.d.ts(3133,35): error TS1005: ';' expected.
src/types/api.d.ts(3135,26): error TS1109: Expression expected.
src/types/api.d.ts(3139,10): error TS1109: Expression expected.
src/types/api.d.ts(3140,11): error TS1109: Expression expected.
src/types/api.d.ts(3141,11): error TS1109: Expression expected.
src/types/api.d.ts(3141,12): error TS1109: Expression expected.
src/types/api.d.ts(3142,14): error TS1109: Expression expected.
src/types/api.d.ts(3143,11): error TS1109: Expression expected.
src/types/api.d.ts(3144,12): error TS1109: Expression expected.
src/types/api.d.ts(3145,12): error TS1109: Expression expected.
src/types/api.d.ts(3147,46): error TS1005: ';' expected.
src/types/api.d.ts(3149,16): error TS1109: Expression expected.
src/types/api.d.ts(3150,17): error TS1109: Expression expected.
src/types/api.d.ts(3151,15): error TS1109: Expression expected.
src/types/api.d.ts(3152,17): error TS1109: Expression expected.
src/types/api.d.ts(3157,20): error TS1109: Expression expected.
src/types/api.d.ts(3158,21): error TS1109: Expression expected.
src/types/api.d.ts(3162,21): error TS1109: Expression expected.
src/types/api.d.ts(3164,22): error TS1109: Expression expected.
src/types/api.d.ts(3167,16): error TS1005: ';' expected.
src/types/api.d.ts(3169,26): error TS1005: ',' expected.
src/types/api.d.ts(3169,35): error TS1005: ';' expected.
src/types/api.d.ts(3171,26): error TS1109: Expression expected.
src/types/api.d.ts(3175,10): error TS1109: Expression expected.
src/types/api.d.ts(3176,11): error TS1109: Expression expected.
src/types/api.d.ts(3177,11): error TS1109: Expression expected.
src/types/api.d.ts(3177,12): error TS1109: Expression expected.
src/types/api.d.ts(3178,14): error TS1109: Expression expected.
src/types/api.d.ts(3179,11): error TS1109: Expression expected.
src/types/api.d.ts(3180,12): error TS1109: Expression expected.
src/types/api.d.ts(3181,12): error TS1109: Expression expected.
src/types/api.d.ts(3183,13): error TS1005: ';' expected.
src/types/api.d.ts(3185,16): error TS1109: Expression expected.
src/types/api.d.ts(3186,17): error TS1109: Expression expected.
src/types/api.d.ts(3187,15): error TS1109: Expression expected.
src/types/api.d.ts(3188,17): error TS1109: Expression expected.
src/types/api.d.ts(3193,20): error TS1109: Expression expected.
src/types/api.d.ts(3194,21): error TS1109: Expression expected.
src/types/api.d.ts(3195,19): error TS1109: Expression expected.
src/types/api.d.ts(3196,21): error TS1109: Expression expected.
src/types/api.d.ts(3198,22): error TS1109: Expression expected.
src/types/api.d.ts(3201,16): error TS1005: ';' expected.
src/types/api.d.ts(3203,26): error TS1005: ',' expected.
src/types/api.d.ts(3203,35): error TS1005: ';' expected.
src/types/api.d.ts(3206,39): error TS1005: ';' expected.
src/types/api.d.ts(3207,32): error TS1109: Expression expected.
src/types/api.d.ts(3209,41): error TS1005: ',' expected.
src/types/api.d.ts(3211,42): error TS1005: ',' expected.
src/types/api.d.ts(3213,49): error TS1005: ',' expected.
src/types/api.d.ts(3215,49): error TS1005: ',' expected.
src/types/api.d.ts(3218,49): error TS1005: ',' expected.
src/types/api.d.ts(3220,55): error TS1005: ',' expected.
src/types/api.d.ts(3222,50): error TS1005: ',' expected.
src/types/api.d.ts(3223,30): error TS1005: ',' expected.
src/types/api.d.ts(3225,59): error TS1005: ',' expected.
src/types/api.d.ts(3227,53): error TS1005: ',' expected.
src/types/api.d.ts(3228,54): error TS1005: ',' expected.
src/types/api.d.ts(3229,53): error TS1005: ',' expected.
src/types/api.d.ts(3230,50): error TS1005: ',' expected.
src/types/api.d.ts(3231,31): error TS1011: An element access expression should take an argument.
src/types/api.d.ts(3231,32): error TS1005: ',' expected.
src/types/api.d.ts(3233,54): error TS1011: An element access expression should take an argument.
src/types/api.d.ts(3233,55): error TS1005: ',' expected.
src/types/api.d.ts(3235,47): error TS1005: ',' expected.
src/types/api.d.ts(3236,27): error TS1011: An element access expression should take an argument.
src/types/api.d.ts(3242,10): error TS1109: Expression expected.
src/types/api.d.ts(3243,11): error TS1109: Expression expected.
src/types/api.d.ts(3244,11): error TS1109: Expression expected.
src/types/api.d.ts(3244,12): error TS1109: Expression expected.
src/types/api.d.ts(3245,14): error TS1109: Expression expected.
src/types/api.d.ts(3246,11): error TS1109: Expression expected.
src/types/api.d.ts(3247,12): error TS1109: Expression expected.
src/types/api.d.ts(3248,12): error TS1109: Expression expected.
src/types/api.d.ts(3250,35): error TS1005: ';' expected.
src/types/api.d.ts(3252,16): error TS1109: Expression expected.
src/types/api.d.ts(3253,17): error TS1109: Expression expected.
src/types/api.d.ts(3254,15): error TS1109: Expression expected.
src/types/api.d.ts(3255,17): error TS1109: Expression expected.
src/types/api.d.ts(3260,20): error TS1109: Expression expected.
src/types/api.d.ts(3261,21): error TS1109: Expression expected.
src/types/api.d.ts(3266,21): error TS1109: Expression expected.
src/types/api.d.ts(3268,22): error TS1109: Expression expected.
src/types/api.d.ts(3271,16): error TS1005: ';' expected.
src/types/api.d.ts(3273,26): error TS1005: ',' expected.
src/types/api.d.ts(3273,35): error TS1005: ';' expected.
src/types/api.d.ts(3276,39): error TS1005: ';' expected.
src/types/api.d.ts(3278,36): error TS1109: Expression expected.
src/types/api.d.ts(3280,35): error TS1109: Expression expected.
src/types/api.d.ts(3282,39): error TS1109: Expression expected.
src/types/api.d.ts(3283,34): error TS1109: Expression expected.
src/types/api.d.ts(3284,41): error TS1005: ',' expected.
src/types/api.d.ts(3285,42): error TS1005: ',' expected.
src/types/api.d.ts(3286,49): error TS1005: ',' expected.
src/types/api.d.ts(3287,46): error TS1005: ',' expected.
src/types/api.d.ts(3290,37): error TS1109: Expression expected.
src/types/api.d.ts(3296,10): error TS1109: Expression expected.
src/types/api.d.ts(3297,11): error TS1109: Expression expected.
src/types/api.d.ts(3298,11): error TS1109: Expression expected.
src/types/api.d.ts(3298,12): error TS1109: Expression expected.
src/types/api.d.ts(3299,14): error TS1109: Expression expected.
src/types/api.d.ts(3300,11): error TS1109: Expression expected.
src/types/api.d.ts(3301,12): error TS1109: Expression expected.
src/types/api.d.ts(3302,12): error TS1109: Expression expected.
src/types/api.d.ts(3304,31): error TS1005: ';' expected.
src/types/api.d.ts(3306,16): error TS1109: Expression expected.
src/types/api.d.ts(3307,17): error TS1109: Expression expected.
src/types/api.d.ts(3308,15): error TS1109: Expression expected.
src/types/api.d.ts(3309,17): error TS1109: Expression expected.
src/types/api.d.ts(3314,20): error TS1109: Expression expected.
src/types/api.d.ts(3315,21): error TS1109: Expression expected.
src/types/api.d.ts(3320,21): error TS1109: Expression expected.
src/types/api.d.ts(3322,22): error TS1109: Expression expected.
src/types/api.d.ts(3325,16): error TS1005: ';' expected.
src/types/api.d.ts(3327,26): error TS1005: ',' expected.
src/types/api.d.ts(3327,35): error TS1005: ';' expected.
src/types/api.d.ts(3330,39): error TS1005: ';' expected.
src/types/api.d.ts(3331,35): error TS1109: Expression expected.
src/types/api.d.ts(3333,37): error TS1109: Expression expected.
src/types/api.d.ts(3335,38): error TS1109: Expression expected.
src/types/api.d.ts(3341,10): error TS1109: Expression expected.
src/types/api.d.ts(3342,11): error TS1109: Expression expected.
src/types/api.d.ts(3343,11): error TS1109: Expression expected.
src/types/api.d.ts(3343,12): error TS1109: Expression expected.
src/types/api.d.ts(3344,14): error TS1109: Expression expected.
src/types/api.d.ts(3345,11): error TS1109: Expression expected.
src/types/api.d.ts(3346,12): error TS1109: Expression expected.
src/types/api.d.ts(3347,12): error TS1109: Expression expected.
src/types/api.d.ts(3349,20): error TS1005: ';' expected.
src/types/api.d.ts(3351,16): error TS1109: Expression expected.
src/types/api.d.ts(3352,17): error TS1109: Expression expected.
src/types/api.d.ts(3353,15): error TS1109: Expression expected.
src/types/api.d.ts(3354,17): error TS1109: Expression expected.
src/types/api.d.ts(3359,20): error TS1109: Expression expected.
src/types/api.d.ts(3360,21): error TS1109: Expression expected.
src/types/api.d.ts(3361,19): error TS1109: Expression expected.
src/types/api.d.ts(3362,21): error TS1109: Expression expected.
src/types/api.d.ts(3364,22): error TS1109: Expression expected.
src/types/api.d.ts(3367,16): error TS1005: ';' expected.
src/types/api.d.ts(3369,26): error TS1005: ',' expected.
src/types/api.d.ts(3369,35): error TS1005: ';' expected.
src/types/api.d.ts(3372,39): error TS1005: ';' expected.
src/types/api.d.ts(3374,34): error TS1109: Expression expected.
src/types/api.d.ts(3376,33): error TS1109: Expression expected.
src/types/api.d.ts(3377,33): error TS1005: ']' expected.
src/types/api.d.ts(3377,41): error TS1005: ',' expected.
src/types/api.d.ts(3377,42): error TS1136: Property assignment expected.
src/types/api.d.ts(3377,44): error TS1136: Property assignment expected.
src/types/api.d.ts(3378,36): error TS1109: Expression expected.
src/types/api.d.ts(3379,42): error TS1109: Expression expected.
src/types/api.d.ts(3387,6): error TS1109: Expression expected.
src/types/api.d.ts(3388,7): error TS1109: Expression expected.
src/types/api.d.ts(3389,7): error TS1109: Expression expected.
src/types/api.d.ts(3389,8): error TS1109: Expression expected.
src/types/api.d.ts(3390,10): error TS1109: Expression expected.
src/types/api.d.ts(3391,7): error TS1109: Expression expected.
src/types/api.d.ts(3392,8): error TS1109: Expression expected.
src/types/api.d.ts(3393,8): error TS1109: Expression expected.
src/types/api.d.ts(3394,5): error TS1128: Declaration or statement expected.
src/types/api.d.ts(3395,16): error TS1005: ';' expected.
src/types/api.d.ts(3397,16): error TS1109: Expression expected.
src/types/api.d.ts(3398,17): error TS1109: Expression expected.
src/types/api.d.ts(3399,15): error TS1109: Expression expected.
src/types/api.d.ts(3400,17): error TS1109: Expression expected.
src/types/api.d.ts(3405,20): error TS1109: Expression expected.
src/types/api.d.ts(3406,21): error TS1109: Expression expected.
src/types/api.d.ts(3407,19): error TS1109: Expression expected.
src/types/api.d.ts(3408,21): error TS1109: Expression expected.
src/types/api.d.ts(3410,22): error TS1109: Expression expected.
src/types/api.d.ts(3413,16): error TS1005: ';' expected.
src/types/api.d.ts(3415,26): error TS1005: ',' expected.
src/types/api.d.ts(3415,35): error TS1005: ';' expected.
src/types/api.d.ts(3418,39): error TS1005: ';' expected.
src/types/api.d.ts(3420,35): error TS1109: Expression expected.
src/types/api.d.ts(3421,33): error TS1005: ']' expected.
src/types/api.d.ts(3421,41): error TS1005: ',' expected.
src/types/api.d.ts(3421,42): error TS1136: Property assignment expected.
src/types/api.d.ts(3421,44): error TS1136: Property assignment expected.
src/types/api.d.ts(3422,34): error TS1109: Expression expected.
src/types/api.d.ts(3423,35): error TS1109: Expression expected.
src/types/api.d.ts(3424,42): error TS1109: Expression expected.
src/types/api.d.ts(3425,43): error TS1109: Expression expected.
src/types/api.d.ts(3426,47): error TS1109: Expression expected.
src/types/api.d.ts(3427,40): error TS1109: Expression expected.
src/types/api.d.ts(3435,6): error TS1109: Expression expected.
src/types/api.d.ts(3436,7): error TS1109: Expression expected.
src/types/api.d.ts(3437,7): error TS1109: Expression expected.
src/types/api.d.ts(3437,8): error TS1109: Expression expected.
src/types/api.d.ts(3438,10): error TS1109: Expression expected.
src/types/api.d.ts(3439,7): error TS1109: Expression expected.
src/types/api.d.ts(3440,8): error TS1109: Expression expected.
src/types/api.d.ts(3441,8): error TS1109: Expression expected.
src/types/api.d.ts(3442,5): error TS1128: Declaration or statement expected.
src/types/api.d.ts(3443,29): error TS1005: ';' expected.
src/types/api.d.ts(3445,16): error TS1109: Expression expected.
src/types/api.d.ts(3446,17): error TS1109: Expression expected.
src/types/api.d.ts(3447,15): error TS1109: Expression expected.
src/types/api.d.ts(3448,17): error TS1109: Expression expected.
src/types/api.d.ts(3450,10): error TS1109: Expression expected.
src/types/api.d.ts(3451,10): error TS1109: Expression expected.
src/types/api.d.ts(3452,11): error TS1109: Expression expected.
src/types/api.d.ts(3453,11): error TS1109: Expression expected.
src/types/api.d.ts(3453,12): error TS1109: Expression expected.
src/types/api.d.ts(3454,14): error TS1109: Expression expected.
src/types/api.d.ts(3455,11): error TS1109: Expression expected.
src/types/api.d.ts(3459,20): error TS1109: Expression expected.
src/types/api.d.ts(3460,21): error TS1109: Expression expected.
src/types/api.d.ts(3465,21): error TS1109: Expression expected.
src/types/api.d.ts(3467,22): error TS1109: Expression expected.
src/types/api.d.ts(3471,49): error TS1005: ',' expected.
src/types/api.d.ts(3473,48): error TS1005: ',' expected.
src/types/api.d.ts(3475,42): error TS1005: ',' expected.
src/types/api.d.ts(3477,41): error TS1005: ',' expected.
src/types/api.d.ts(3479,40): error TS1005: ',' expected.
src/types/api.d.ts(3480,18): error TS1005: ',' expected.
src/types/api.d.ts(3481,14): error TS1005: ',' expected.
src/types/api.d.ts(3485,16): error TS1005: ';' expected.
src/types/api.d.ts(3487,26): error TS1005: ',' expected.
src/types/api.d.ts(3487,35): error TS1005: ';' expected.
src/types/api.d.ts(3490,39): error TS1005: ';' expected.
src/types/api.d.ts(3492,31): error TS1109: Expression expected.
src/types/api.d.ts(3498,12): error TS1109: Expression expected.
src/types/api.d.ts(3500,47): error TS1005: ';' expected.
src/types/api.d.ts(3502,16): error TS1109: Expression expected.
src/types/api.d.ts(3503,17): error TS1109: Expression expected.
src/types/api.d.ts(3504,15): error TS1109: Expression expected.
src/types/api.d.ts(3505,17): error TS1109: Expression expected.
src/types/api.d.ts(3507,10): error TS1109: Expression expected.
src/types/api.d.ts(3508,10): error TS1109: Expression expected.
src/types/api.d.ts(3509,11): error TS1109: Expression expected.
src/types/api.d.ts(3510,11): error TS1109: Expression expected.
src/types/api.d.ts(3510,12): error TS1109: Expression expected.
src/types/api.d.ts(3511,14): error TS1109: Expression expected.
src/types/api.d.ts(3512,11): error TS1109: Expression expected.
src/types/api.d.ts(3516,20): error TS1109: Expression expected.
src/types/api.d.ts(3517,21): error TS1109: Expression expected.
src/types/api.d.ts(3524,21): error TS1109: Expression expected.
src/types/api.d.ts(3528,35): error TS1005: ';' expected.
src/types/api.d.ts(3536,16): error TS1005: ';' expected.
src/types/api.d.ts(3538,26): error TS1005: ',' expected.
src/types/api.d.ts(3538,35): error TS1005: ';' expected.
src/types/api.d.ts(3541,39): error TS1005: ';' expected.
src/types/api.d.ts(3543,32): error TS1109: Expression expected.
src/types/api.d.ts(3549,12): error TS1109: Expression expected.
src/types/api.d.ts(3551,18): error TS1005: ';' expected.
src/types/api.d.ts(3553,16): error TS1109: Expression expected.
src/types/api.d.ts(3554,17): error TS1109: Expression expected.
src/types/api.d.ts(3555,15): error TS1109: Expression expected.
src/types/api.d.ts(3556,17): error TS1109: Expression expected.
src/types/api.d.ts(3561,20): error TS1109: Expression expected.
src/types/api.d.ts(3562,21): error TS1109: Expression expected.
src/types/api.d.ts(3563,19): error TS1109: Expression expected.
src/types/api.d.ts(3564,21): error TS1109: Expression expected.
src/types/api.d.ts(3566,22): error TS1109: Expression expected.
src/types/api.d.ts(3569,16): error TS1005: ';' expected.
src/types/api.d.ts(3571,26): error TS1005: ',' expected.
src/types/api.d.ts(3571,35): error TS1005: ';' expected.
src/types/api.d.ts(3574,39): error TS1005: ';' expected.
src/types/api.d.ts(3575,29): error TS1109: Expression expected.
src/types/api.d.ts(3576,31): error TS1109: Expression expected.
src/types/api.d.ts(3577,31): error TS1109: Expression expected.
src/types/api.d.ts(3578,39): error TS1109: Expression expected.
src/types/api.d.ts(3584,10): error TS1109: Expression expected.
src/types/api.d.ts(3585,11): error TS1109: Expression expected.
src/types/api.d.ts(3586,11): error TS1109: Expression expected.
src/types/api.d.ts(3586,12): error TS1109: Expression expected.
src/types/api.d.ts(3587,14): error TS1109: Expression expected.
src/types/api.d.ts(3588,11): error TS1109: Expression expected.
src/types/api.d.ts(3589,12): error TS1109: Expression expected.
src/types/api.d.ts(3590,12): error TS1109: Expression expected.
src/types/api.d.ts(3592,1): error TS1128: Declaration or statement expected.
